==> Making package: focaltech-spi-dkms 1.0.3-3 (Thu 01 Oct 2026 07:56:17 PM IST)
==> WARNING: Skipping dependency checks.
==> Retrieving sources...
  -> Cloning FTEXX00-Ubuntu git repo...
Cloning into bare repository '/home/archer/projects/zerobook-focaltech-driver/aur-focaltech-spi-dkms/FTEXX00-Ubuntu'...
==> Validating source files with sha256sums...
    FTEXX00-Ubuntu ... Skipped
==> Extracting sources...
  -> Creating working copy of FTEXX00-Ubuntu git repo...
Cloning into 'FTEXX00-Ubuntu'...
done.
==> Starting prepare()...
==> Entering fakeroot environment...
==> Starting package()...
==> Tidying install...
  -> Removing libtool files...
  -> Purging unreproducible ruby files...
  -> Removing static library files...
  -> Purging unwanted files...
  -> Stripping unneeded symbols from binaries and libraries...
  -> Compressing man and info pages...
==> Checking for packaging issues...
==> Creating package "focaltech-spi-dkms"...
  -> Generating .PKGINFO file...
  -> Generating .BUILDINFO file...
  -> Generating .MTREE file...
  -> Compressing package...
==> Leaving fakeroot environment.
==> Finished making: focaltech-spi-dkms 1.0.3-3 (Thu 01 Oct 2026 07:56:21 PM IST)
