==> Making package: libfprint-ftexx00 1.94.4_20250112-3 (Thu 01 Oct 2026 07:56:22 PM IST)
==> WARNING: Skipping dependency checks.
==> Retrieving sources...
  -> Downloading libfprint-2-2_1.94.4+tod1-0ubuntu1~22.04.2_spi_20250112_amd64.deb...
  % Total    % Received % Xferd  Average Speed  Time    Time    Time   Current
                                 Dload  Upload  Total   Spent   Left   Speed
  0      0   0      0   0      0      0      0                              0  0      0   0      0   0      0      0      0                              0  0      0   0      0   0      0      0      0                              0
  0      0   0      0   0      0      0      0                              0  0      0   0      0   0      0      0      0           00:01              0100 787.4k 100 787.4k   0      0 314.2k      0   00:02   00:02         494.6k100 787.4k 100 787.4k   0      0 314.2k      0   00:02   00:02         494.6k100 787.4k 100 787.4k   0      0 314.2k      0   00:02   00:02         494.6k
==> Validating source files with sha256sums...
    libfprint-2-2_1.94.4+tod1-0ubuntu1~22.04.2_spi_20250112_amd64.deb ... Passed
==> Extracting sources...
  -> Extracting libfprint-2-2_1.94.4+tod1-0ubuntu1~22.04.2_spi_20250112_amd64.deb with bsdtar
==> Starting prepare()...
==> Entering fakeroot environment...
==> Starting package()...
==> Tidying install...
  -> Removing libtool files...
  -> Purging unreproducible ruby files...
  -> Removing static library files...
  -> Purging unwanted files...
  -> Stripping unneeded symbols from binaries and libraries...
Error while writing index for `/home/archer/projects/zerobook-focaltech-driver/aur-libfprint-ftexx00/pkg/libfprint-ftexx00/usr/lib/libfprint-2.so.2.0.0': No debugging symbols
gdb-add-index: No index was created for ./usr/lib/libfprint-2.so.2.0.0
gdb-add-index: [Was there no debuginfo? Was there already an index?]
  -> Compressing man and info pages...
==> Checking for packaging issues...
==> Creating package "libfprint-ftexx00"...
  -> Generating .PKGINFO file...
  -> Generating .BUILDINFO file...
  -> Generating .MTREE file...
  -> Compressing package...
==> Creating package "libfprint-ftexx00-debug"...
  -> Generating .PKGINFO file...
  -> Generating .BUILDINFO file...
  -> Generating .MTREE file...
  -> Compressing package...
==> Leaving fakeroot environment.
==> Finished making: libfprint-ftexx00 1.94.4_20250112-3 (Thu 01 Oct 2026 07:56:28 PM IST)
