== Fri Oct  2 06:07:51 AM IST 2026 ==
rmmod: ERROR: Module fte4800_pwr is not currently loaded
insmod OK
driver bound: 
driver bound now: 
--- dmesg (focal/FTE/spi) ---
[ 2966.565337] FTE4800: Power module exited
[ 2966.598351] FTE4800: Found AVDD descriptor (GPIO 535). Forcing HIGH...
[ 2966.650939] FTE4800: Claimed RESET index 0. Asserting LOW...
[ 2966.701119] FTE4800: Releasing RESET (HIGH)...
[ 2966.806095] FTE4800: Hardware reset pulse complete!
[ 3247.131116] FTE4800: Power module exited
[ 3247.168807] FTE4800: Found AVDD descriptor (GPIO 535). Forcing HIGH...
[ 3247.221095] FTE4800: Claimed RESET index 0. Asserting LOW...
[ 3247.271304] FTE4800: Releasing RESET (HIGH)...
[ 3247.375265] FTE4800: Hardware reset pulse complete!
[ 4440.127416]  ff_ctl_ioctl+0x7d/0x1b0 [focal_spi ad0c3512368eb5eac9ca9e63916114c371729464]
[ 4440.127514] Modules linked in: fte4800_pwr(OE) spidev focal_spi(OE) tcp_diag inet_diag snd_seq_dummy snd_hrtimer rfcomm snd_seq snd_seq_device uinput uhid algif_hash algif_skcipher af_alg bnep snd_hda_codec_intelhdmi snd_hda_codec_hdmi snd_hda_codec_alc269 snd_hda_codec_realtek_lib snd_hda_scodec_component snd_hda_codec_generic snd_hda_intel snd_sof_pci_intel_tgl snd_sof_pci_intel_cnl snd_sof_intel_hda_generic hid_sensor_prox soundwire_intel hid_sensor_trigger snd_sof_intel_hda_sdw_bpt kfifo_buf hid_sensor_iio_common snd_sof_intel_hda_common industrialio hid_sensor_custom snd_soc_hdac_hda snd_sof_intel_hda_mlink snd_sof_intel_hda hid_sensor_hub soundwire_cadence snd_sof_pci intel_ishtp_hid snd_sof_xtensa_dsp vfat snd_sof fat snd_sof_utils snd_soc_acpi_intel_match snd_soc_acpi_intel_sdca_quirks soundwire_generic_allocation snd_soc_sdw_utils snd_soc_acpi soundwire_bus snd_soc_sdca crc8 intel_rapl_msr iwlmvm snd_soc_avs intel_uncore_frequency snd_soc_hda_codec intel_uncore_frequency_common snd_hda_ext_core snd_hda_codec
[ 4440.127690] Unloaded tainted modules: fte4800_pwr(OE):3 fte4800_avdd(OE):6 focal_spi(OE):12 [last unloaded: fte4800_pwr(OE)]
[ 4446.710281]  ff_ctl_ioctl+0x7d/0x1b0 [focal_spi ad0c3512368eb5eac9ca9e63916114c371729464]
[ 4446.710376] Modules linked in: fte4800_pwr(OE) spidev focal_spi(OE) tcp_diag inet_diag snd_seq_dummy snd_hrtimer rfcomm snd_seq snd_seq_device uinput uhid algif_hash algif_skcipher af_alg bnep snd_hda_codec_intelhdmi snd_hda_codec_hdmi snd_hda_codec_alc269 snd_hda_codec_realtek_lib snd_hda_scodec_component snd_hda_codec_generic snd_hda_intel snd_sof_pci_intel_tgl snd_sof_pci_intel_cnl snd_sof_intel_hda_generic hid_sensor_prox soundwire_intel hid_sensor_trigger snd_sof_intel_hda_sdw_bpt kfifo_buf hid_sensor_iio_common snd_sof_intel_hda_common industrialio hid_sensor_custom snd_soc_hdac_hda snd_sof_intel_hda_mlink snd_sof_intel_hda hid_sensor_hub soundwire_cadence snd_sof_pci intel_ishtp_hid snd_sof_xtensa_dsp vfat snd_sof fat snd_sof_utils snd_soc_acpi_intel_match snd_soc_acpi_intel_sdca_quirks soundwire_generic_allocation snd_soc_sdw_utils snd_soc_acpi soundwire_bus snd_soc_sdca crc8 intel_rapl_msr iwlmvm snd_soc_avs intel_uncore_frequency snd_soc_hda_codec intel_uncore_frequency_common snd_hda_ext_core snd_hda_codec
[ 4446.710543] Unloaded tainted modules: fte4800_pwr(OE):3 fte4800_avdd(OE):6 focal_spi(OE):12 [last unloaded: fte4800_pwr(OE)]
[ 4493.663134]  ff_ctl_ioctl+0x7d/0x1b0 [focal_spi ad0c3512368eb5eac9ca9e63916114c371729464]
[ 4493.663232] Modules linked in: fte4800_pwr(OE) spidev focal_spi(OE) tcp_diag inet_diag snd_seq_dummy snd_hrtimer rfcomm snd_seq snd_seq_device uinput uhid algif_hash algif_skcipher af_alg bnep snd_hda_codec_intelhdmi snd_hda_codec_hdmi snd_hda_codec_alc269 snd_hda_codec_realtek_lib snd_hda_scodec_component snd_hda_codec_generic snd_hda_intel snd_sof_pci_intel_tgl snd_sof_pci_intel_cnl snd_sof_intel_hda_generic hid_sensor_prox soundwire_intel hid_sensor_trigger snd_sof_intel_hda_sdw_bpt kfifo_buf hid_sensor_iio_common snd_sof_intel_hda_common industrialio hid_sensor_custom snd_soc_hdac_hda snd_sof_intel_hda_mlink snd_sof_intel_hda hid_sensor_hub soundwire_cadence snd_sof_pci intel_ishtp_hid snd_sof_xtensa_dsp vfat snd_sof fat snd_sof_utils snd_soc_acpi_intel_match snd_soc_acpi_intel_sdca_quirks soundwire_generic_allocation snd_soc_sdw_utils snd_soc_acpi soundwire_bus snd_soc_sdca crc8 intel_rapl_msr iwlmvm snd_soc_avs intel_uncore_frequency snd_soc_hda_codec intel_uncore_frequency_common snd_hda_ext_core snd_hda_codec
[ 4493.663418] Unloaded tainted modules: fte4800_pwr(OE):3 fte4800_avdd(OE):6 focal_spi(OE):12 [last unloaded: fte4800_pwr(OE)]
[ 4687.457084]  ff_ctl_ioctl+0x7d/0x1b0 [focal_spi ad0c3512368eb5eac9ca9e63916114c371729464]
[ 4687.457231] Modules linked in: fte4800_pwr(OE) spidev focal_spi(OE) tcp_diag inet_diag snd_seq_dummy snd_hrtimer rfcomm snd_seq snd_seq_device uinput uhid algif_hash algif_skcipher af_alg bnep snd_hda_codec_intelhdmi snd_hda_codec_hdmi snd_hda_codec_alc269 snd_hda_codec_realtek_lib snd_hda_scodec_component snd_hda_codec_generic snd_hda_intel snd_sof_pci_intel_tgl snd_sof_pci_intel_cnl snd_sof_intel_hda_generic hid_sensor_prox soundwire_intel hid_sensor_trigger snd_sof_intel_hda_sdw_bpt kfifo_buf hid_sensor_iio_common snd_sof_intel_hda_common industrialio hid_sensor_custom snd_soc_hdac_hda snd_sof_intel_hda_mlink snd_sof_intel_hda hid_sensor_hub soundwire_cadence snd_sof_pci intel_ishtp_hid snd_sof_xtensa_dsp vfat snd_sof fat snd_sof_utils snd_soc_acpi_intel_match snd_soc_acpi_intel_sdca_quirks soundwire_generic_allocation snd_soc_sdw_utils snd_soc_acpi soundwire_bus snd_soc_sdca crc8 intel_rapl_msr iwlmvm snd_soc_avs intel_uncore_frequency snd_soc_hda_codec intel_uncore_frequency_common snd_hda_ext_core snd_hda_codec
[ 4687.457429] Unloaded tainted modules: fte4800_pwr(OE):3 fte4800_avdd(OE):6 focal_spi(OE):12 [last unloaded: fte4800_pwr(OE)]
[ 7909.820314] FTE4800: Power module exited
[ 7909.887007] focal focal_fp_driver_init is called,driver version is v1.0.3
[ 7923.888849] focal focal_fp_driver_init is called,driver version is v1.0.3
--- gpio users ---
--- misc node ---
crw------- 1 root root 10, 263 Oct  2 06:07 /dev/focal_moh_spi
