Resetting sensor...
Reset complete.

============================================================
Testing at 1000000Hz
============================================================

--- Method A: SPI0_Read_SPI (wakeup + split TX/RX) ---

=== ROM Identity Read (0x90, 2) at 1000000Hz ===
  RX: 00 00
  Value: 0x0000 (expect 0x56A2)

--- Method B: Full-duplex single transfer ---
  Full-duplex RX (9 bytes): 02 02 02 02 02 02 02 00 00
  Payload (after 7-byte header): 00 00

=== App Chip ID Read (9368ReadChipID) at 1000000Hz ===
  Wake trigger (0xFF00, 0) sent
  RX (32 bytes): 00 00 00 00 00 00 00 00 00 00 00 00 00 00 00 00 00 00 00 00 00 00 00 00 00 00 00 00 00 00 00 00
  Chip ID @19-20: 0x0000 (expect 0x9368)
  Version @21: 0x00
  Manufacturer @22: 0x00

--- Method C: Direct 0x9180 read (no wake trigger) ---
  Direct 0x9180/6: 00 00 00 00 00 00

--- Method D: SPI0_Read_SPI(0x91, 32) ---
  SPI0_Read_SPI(0x91, 32): 00 00 00 00 00 00 00 00 00 00 00 00 00 00 00 00 00 00 00 00 00 00 00 00 00 00 00 00 00 00 00 00
  Chip ID @19-20: 0x0000

============================================================
Boot entry sequence test
============================================================
Sending CMD_Set(0x55) = [70 55 AA]...
Reading ROM ID (0x90, 2)...
  ROM ID: 00 00 = 0x0000 (expect 0x56A2)
